time=2026-08-20T00:30:52.226+08:00 level=INFO source=D:/DNV/Documents/Github/yukumo-script/pkg/utils/logger/logger.go:30 msg="Initialization: runtime directory already exists \n"
time=2026-08-20T00:30:52.227+08:00 level=INFO source=D:/DNV/Documents/Github/yukumo-script/pkg/utils/logger/logger.go:30 msg="Initialization: runtime/phonts directory already exists \n"
time=2026-08-20T00:30:52.227+08:00 level=INFO source=D:/DNV/Documents/Github/yukumo-script/pkg/utils/logger/logger.go:30 msg="Initialization: runtime/result directory already exists \n"
time=2026-08-20T00:30:52.227+08:00 level=INFO source=D:/DNV/Documents/Github/yukumo-script/pkg/utils/logger/logger.go:30 msg="Initialization: runtime/wav directory already exists \n"
time=2026-08-20T00:30:52.228+08:00 level=INFO source=D:/DNV/Documents/Github/yukumo-script/pkg/utils/logger/logger.go:30 msg="Initialization: runtime/data directory already exists \n"
time=2026-08-20T00:30:52.229+08:00 level=INFO source=D:/DNV/Documents/Github/yukumo-script/pkg/utils/logger/logger.go:30 msg="Initialization: runtime/examples directory already exists \n"
time=2026-08-20T00:30:52.230+08:00 level=INFO source=D:/DNV/Documents/Github/yukumo-script/pkg/utils/logger/logger.go:30 msg="Initialization: runtime/data/images directory already exists \n"
time=2026-08-20T00:30:52.230+08:00 level=INFO source=D:/DNV/Documents/Github/yukumo-script/pkg/utils/logger/logger.go:30 msg="Initialization: runtime/data/tasks directory already exists \n"
time=2026-08-20T00:30:52.231+08:00 level=INFO source=D:/DNV/Documents/Github/yukumo-script/pkg/utils/logger/logger.go:30 msg="Initialization: runtime/data/tasks/single_sentence directory already exists \n"
time=2026-08-20T00:31:01.510+08:00 level=INFO source=D:/DNV/Documents/Github/yukumo-script/pkg/utils/logger/logger.go:30 msg="Initialization: runtime directory already exists \n"
time=2026-08-20T00:31:01.510+08:00 level=INFO source=D:/DNV/Documents/Github/yukumo-script/pkg/utils/logger/logger.go:30 msg="Initialization: runtime/phonts directory already exists \n"
time=2026-08-20T00:31:01.511+08:00 level=INFO source=D:/DNV/Documents/Github/yukumo-script/pkg/utils/logger/logger.go:30 msg="Initialization: runtime/result directory already exists \n"
time=2026-08-20T00:31:01.511+08:00 level=INFO source=D:/DNV/Documents/Github/yukumo-script/pkg/utils/logger/logger.go:30 msg="Initialization: runtime/wav directory already exists \n"
time=2026-08-20T00:31:01.511+08:00 level=INFO source=D:/DNV/Documents/Github/yukumo-script/pkg/utils/logger/logger.go:30 msg="Initialization: runtime/data directory already exists \n"
time=2026-08-20T00:31:01.511+08:00 level=INFO source=D:/DNV/Documents/Github/yukumo-script/pkg/utils/logger/logger.go:30 msg="Initialization: runtime/examples directory already exists \n"
time=2026-08-20T00:31:01.512+08:00 level=INFO source=D:/DNV/Documents/Github/yukumo-script/pkg/utils/logger/logger.go:30 msg="Initialization: runtime/data/images directory already exists \n"
time=2026-08-20T00:31:01.512+08:00 level=INFO source=D:/DNV/Documents/Github/yukumo-script/pkg/utils/logger/logger.go:30 msg="Initialization: runtime/data/tasks directory already exists \n"
time=2026-08-20T00:31:01.512+08:00 level=INFO source=D:/DNV/Documents/Github/yukumo-script/pkg/utils/logger/logger.go:30 msg="Initialization: runtime/data/tasks/single_sentence directory already exists \n"
time=2026-08-20T00:39:14.917+08:00 level=INFO source=D:/DNV/Documents/Github/yukumo-script/pkg/utils/logger/logger.go:30 msg="Initialization: runtime directory already exists \n"
time=2026-08-20T00:39:14.917+08:00 level=INFO source=D:/DNV/Documents/Github/yukumo-script/pkg/utils/logger/logger.go:30 msg="Initialization: runtime/phonts directory already exists \n"
time=2026-08-20T00:39:14.917+08:00 level=INFO source=D:/DNV/Documents/Github/yukumo-script/pkg/utils/logger/logger.go:30 msg="Initialization: runtime/result directory already exists \n"
time=2026-08-20T00:39:14.917+08:00 level=INFO source=D:/DNV/Documents/Github/yukumo-script/pkg/utils/logger/logger.go:30 msg="Initialization: runtime/wav directory already exists \n"
time=2026-08-20T00:39:14.918+08:00 level=INFO source=D:/DNV/Documents/Github/yukumo-script/pkg/utils/logger/logger.go:30 msg="Initialization: runtime/data directory already exists \n"
time=2026-08-20T00:39:14.918+08:00 level=INFO source=D:/DNV/Documents/Github/yukumo-script/pkg/utils/logger/logger.go:30 msg="Initialization: runtime/examples directory already exists \n"
time=2026-08-20T00:39:14.918+08:00 level=INFO source=D:/DNV/Documents/Github/yukumo-script/pkg/utils/logger/logger.go:30 msg="Initialization: runtime/data/images directory already exists \n"
time=2026-08-20T00:39:14.918+08:00 level=INFO source=D:/DNV/Documents/Github/yukumo-script/pkg/utils/logger/logger.go:30 msg="Initialization: runtime/data/tasks directory already exists \n"
time=2026-08-20T00:39:14.918+08:00 level=INFO source=D:/DNV/Documents/Github/yukumo-script/pkg/utils/logger/logger.go:30 msg="Initialization: runtime/data/tasks/single_sentence directory already exists \n"
time=2026-08-20T00:39:34.542+08:00 level=INFO source=D:/DNV/Documents/Github/yukumo-script/pkg/utils/logger/logger.go:30 msg="Initialization: runtime directory already exists \n"
time=2026-08-20T00:39:34.543+08:00 level=INFO source=D:/DNV/Documents/Github/yukumo-script/pkg/utils/logger/logger.go:30 msg="Initialization: runtime/phonts directory already exists \n"
time=2026-08-20T00:39:34.543+08:00 level=INFO source=D:/DNV/Documents/Github/yukumo-script/pkg/utils/logger/logger.go:30 msg="Initialization: runtime/result directory already exists \n"
time=2026-08-20T00:39:34.543+08:00 level=INFO source=D:/DNV/Documents/Github/yukumo-script/pkg/utils/logger/logger.go:30 msg="Initialization: runtime/wav directory already exists \n"
time=2026-08-20T00:39:34.543+08:00 level=INFO source=D:/DNV/Documents/Github/yukumo-script/pkg/utils/logger/logger.go:30 msg="Initialization: runtime/data directory already exists \n"
time=2026-08-20T00:39:34.544+08:00 level=INFO source=D:/DNV/Documents/Github/yukumo-script/pkg/utils/logger/logger.go:30 msg="Initialization: runtime/examples directory already exists \n"
time=2026-08-20T00:39:34.544+08:00 level=INFO source=D:/DNV/Documents/Github/yukumo-script/pkg/utils/logger/logger.go:30 msg="Initialization: runtime/data/images directory already exists \n"
time=2026-08-20T00:39:34.544+08:00 level=INFO source=D:/DNV/Documents/Github/yukumo-script/pkg/utils/logger/logger.go:30 msg="Initialization: runtime/data/tasks directory already exists \n"
time=2026-08-20T00:39:34.544+08:00 level=INFO source=D:/DNV/Documents/Github/yukumo-script/pkg/utils/logger/logger.go:30 msg="Initialization: runtime/data/tasks/single_sentence directory already exists \n"
